{
  "version": "1.5.0",
  "plugins_used": [
    {
      "name": "ArtifactoryDetector"
    },
    {
      "name": "AWSKeyDetector"
    },
    {
      "name": "AzureStorageKeyDetector"
    },
    {
      "name": "Base64HighEntropyString",
      "limit": 4.5
    },
    {
      "name": "BasicAuthDetector"
    },
    {
      "name": "CloudantDetector"
    },
    {
      "name": "DiscordBotTokenDetector"
    },
    {
      "name": "GitHubTokenDetector"
    },
    {
      "name": "GitLabTokenDetector"
    },
    {
      "name": "HexHighEntropyString",
      "limit": 3.0
    },
    {
      "name": "IbmCloudIamDetector"
    },
    {
      "name": "IbmCosHmacDetector"
    },
    {
      "name": "IPPublicDetector"
    },
    {
      "name": "JwtTokenDetector"
    },
    {
      "name": "KeywordDetector",
      "keyword_exclude": ""
    },
    {
      "name": "MailchimpDetector"
    },
    {
      "name": "NpmDetector"
    },
    {
      "name": "OpenAIDetector"
    },
    {
      "name": "PrivateKeyDetector"
    },
    {
      "name": "PypiTokenDetector"
    },
    {
      "name": "SendGridDetector"
    },
    {
      "name": "SlackDetector"
    },
    {
      "name": "SoftlayerDetector"
    },
    {
      "name": "SquareOAuthDetector"
    },
    {
      "name": "StripeDetector"
    },
    {
      "name": "TelegramBotTokenDetector"
    },
    {
      "name": "TwilioKeyDetector"
    }
  ],
  "filters_used": [
    {
      "path": "detect_secrets.filters.allowlist.is_line_allowlisted"
    },
    {
      "path": "detect_secrets.filters.common.is_ignored_due_to_verification_policies",
      "min_level": 2
    },
    {
      "path": "detect_secrets.filters.heuristic.is_indirect_reference"
    },
    {
      "path": "detect_secrets.filters.heuristic.is_likely_id_string"
    },
    {
      "path": "detect_secrets.filters.heuristic.is_lock_file"
    },
    {
      "path": "detect_secrets.filters.heuristic.is_not_alphanumeric_string"
    },
    {
      "path": "detect_secrets.filters.heuristic.is_potential_uuid"
    },
    {
      "path": "detect_secrets.filters.heuristic.is_prefixed_with_dollar_sign"
    },
    {
      "path": "detect_secrets.filters.heuristic.is_sequential_string"
    },
    {
      "path": "detect_secrets.filters.heuristic.is_swagger_file"
    },
    {
      "path": "detect_secrets.filters.heuristic.is_templated_secret"
    },
    {
      "path": "detect_secrets.filters.regex.should_exclude_file",
      "pattern": [
        "^\\.secrets\\.baseline$"
      ]
    }
  ],
  "results": {
    "config/.env.example": [
      {
        "type": "Secret Keyword",
        "filename": "config/.env.example",
        "hashed_secret": "c30c2b661f287c17694f00405ba79dbbb7331205",
        "is_verified": false
      }
    ],
    "docs/dockerhub.md": [
      {
        "type": "Secret Keyword",
        "filename": "docs/dockerhub.md",
        "hashed_secret": "d3216aa255776bdd1c1a86bf935ce606ea36752e",
        "is_verified": false
      },
      {
        "type": "Secret Keyword",
        "filename": "docs/dockerhub.md",
        "hashed_secret": "fb1fbd91684ec72a232fd6a38e54559ff4f4c6b2",
        "is_verified": false
      }
    ],
    "src/docker/entrypoint.py": [
      {
        "type": "Secret Keyword",
        "filename": "src/docker/entrypoint.py",
        "hashed_secret": "162ddd4fcf34fc963fb6dd7f371eebe1e9969264",
        "is_verified": false
      }
    ],
    "tests/test_config_loading.py": [
      {
        "type": "Secret Keyword",
        "filename": "tests/test_config_loading.py",
        "hashed_secret": "5baa61e4c9b93f3f0682250b6cf8331b7ee68fd8",
        "is_verified": false
      },
      {
        "type": "Secret Keyword",
        "filename": "tests/test_config_loading.py",
        "hashed_secret": "50ba79cd50d87b8126deb3cc7fdb9037f1f417cc",
        "is_verified": false
      }
    ],
    "tests/test_log_safety.py": [
      {
        "type": "Secret Keyword",
        "filename": "tests/test_log_safety.py",
        "hashed_secret": "dbdab9be92cacdae6a97e8601332bfaa8545800f",
        "is_verified": false
      },
      {
        "type": "Secret Keyword",
        "filename": "tests/test_log_safety.py",
        "hashed_secret": "3d88f3591e32f0e4a8f295916ef4f1dace93fa59",
        "is_verified": false
      },
      {
        "type": "Secret Keyword",
        "filename": "tests/test_log_safety.py",
        "hashed_secret": "11fb4620cacf27f2c787a090bc8f4cb03fbaf598",
        "is_verified": false
      }
    ],
    "tests/test_version_metadata.py": [
      {
        "type": "Secret Keyword",
        "filename": "tests/test_version_metadata.py",
        "hashed_secret": "e5e9fa1ba31ecd1ae84f75caaa474f3a663f05f4",
        "is_verified": false
      }
    ],
    "tests/test_web_auth.py": [
      {
        "type": "Secret Keyword",
        "filename": "tests/test_web_auth.py",
        "hashed_secret": "e5e9fa1ba31ecd1ae84f75caaa474f3a663f05f4",
        "is_verified": false
      }
    ],
    "tests/test_web_browser_smoke.py": [
      {
        "type": "Secret Keyword",
        "filename": "tests/test_web_browser_smoke.py",
        "hashed_secret": "e5e9fa1ba31ecd1ae84f75caaa474f3a663f05f4",
        "is_verified": false
      }
    ],
    "tests/test_web_routers.py": [
      {
        "type": "Secret Keyword",
        "filename": "tests/test_web_routers.py",
        "hashed_secret": "e5e9fa1ba31ecd1ae84f75caaa474f3a663f05f4",
        "is_verified": false
      }
    ]
  }
}
